--------------------------------------------------------------------------------
Release 14.7 Trace  (nt64)
Copyright (c) 1995-2013 Xilinx, Inc.  All rights reserved.

D:\Xilinx\14.7\ISE_DS\ISE\bin\nt64\unwrapped\trce.exe -intstyle ise -o
mojo_top_0.twr -v 30 -l 30 mojo_top_0_routed.ncd mojo_top_0.pcf

Design file:              mojo_top_0_routed.ncd
Physical constraint file: mojo_top_0.pcf
Device,package,speed:     xc6slx9,tqg144,C,-2 (PRODUCTION 1.23 2013-10-13)
Report level:             verbose report, limited to 30 items per constraint

Environment Variable      Effect 
--------------------      ------ 
NONE                      No environment variables were set
--------------------------------------------------------------------------------

INFO:Timing:3412 - To improve timing, see the Timing Closure User Guide (UG612).
INFO:Timing:2752 - To get complete path coverage, use the unconstrained paths 
   option. All paths that are not constrained will be reported in the 
   unconstrained paths section(s) of the report.
INFO:Timing:3339 - The clock-to-out numbers in this timing report are based on 
   a 50 Ohm transmission line loading model.  For the details of this model, 
   and for more information on accounting for different loading conditions, 
   please see the device datasheet.

================================================================================
Timing constraint: TS_clk = PERIOD TIMEGRP "clk" 50 MHz HIGH 50%;
For more information, see Period Analysis in the Timing Closure User Guide (UG612).

 15639 paths analyzed, 1619 endpoints analyzed, 0 failing endpoints
 0 timing errors detected. (0 setup errors, 0 hold errors, 0 component switching limit errors)
 Minimum period is   7.024ns.
--------------------------------------------------------------------------------
Slack:                  12.976ns (requirement - (data path - clock path skew + uncertainty))
  Source:               gamestates/M_gamestates_q_FSM_FFd5_2 (FF)
  Destination:          gamestates/M_high_score_q_15 (FF)
  Requirement:          20.000ns
  Data Path Delay:      6.987ns (Levels of Logic = 3)
  Clock Path Skew:      -0.002ns (0.337 - 0.339)
  Source Clock:         clk_BUFGP rising at 0.000ns
  Destination Clock:    clk_BUFGP rising at 20.000ns
  Clock Uncertainty:    0.035ns

  Clock Uncertainty:          0.035ns  ((TSJ^2 + TIJ^2)^1/2 + DJ) / 2 + PE
    Total System Jitter (TSJ):  0.070ns
    Total Input Jitter (TIJ):   0.000ns
    Discrete Jitter (DJ):       0.000ns
    Phase Error (PE):           0.000ns

  Maximum Data Path at Slow Process Corner: gamestates/M_gamestates_q_FSM_FFd5_2 to gamestates/M_high_score_q_15
    Location             Delay type         Delay(ns)  Physical Resource
                                                       Logical Resource(s)
    -------------------------------------------------  -------------------
    SLICE_X7Y22.BQ       Tcko                  0.430   gamestates/M_gamestates_q_FSM_FFd5_2
                                                       gamestates/M_gamestates_q_FSM_FFd5_2
    SLICE_X2Y27.A2       net (fanout=14)       1.831   gamestates/M_gamestates_q_FSM_FFd5_2
    SLICE_X2Y27.AMUX     Tilo                  0.298   gamestates/M_alu_a[14]
                                                       gamestates/M_gamestates_q_M_alu_b<12>1
    SLICE_X8Y27.C2       net (fanout=1)        1.516   gamestates/M_alu_b[12]
    SLICE_X8Y27.COUT     Topcyc                0.351   gamestates/Mcompar_a[15]_b[15]_LessThan_2_o_cy[7]
                                                       gamestates/alu/cmp/Mcompar_a[15]_b[15]_LessThan_2_o_lutdi6
                                                       gamestates/alu/cmp/Mcompar_a[15]_b[15]_LessThan_2_o_cy<7>
    SLICE_X2Y28.D2       net (fanout=17)       2.212   gamestates/Mcompar_a[15]_b[15]_LessThan_2_o_cy[7]
    SLICE_X2Y28.CLK      Tas                   0.349   gamestates/M_high_score_q[15]
                                                       gamestates/M_high_score_q_15_rstpot
                                                       gamestates/M_high_score_q_15
    -------------------------------------------------  ---------------------------
    Total                                      6.987ns (1.428ns logic, 5.559ns route)
                                                       (20.4% logic, 79.6% route)

--------------------------------------------------------------------------------
Slack:                  12.999ns (requirement - (data path - clock path skew + uncertainty))
  Source:               gamestates/M_gamestates_q_FSM_FFd5_2 (FF)
  Destination:          gamestates/M_high_score_q_15 (FF)
  Requirement:          20.000ns
  Data Path Delay:      6.964ns (Levels of Logic = 3)
  Clock Path Skew:      -0.002ns (0.337 - 0.339)
  Source Clock:         clk_BUFGP rising at 0.000ns
  Destination Clock:    clk_BUFGP rising at 20.000ns
  Clock Uncertainty:    0.035ns

  Clock Uncertainty:          0.035ns  ((TSJ^2 + TIJ^2)^1/2 + DJ) / 2 + PE
    Total System Jitter (TSJ):  0.070ns
    Total Input Jitter (TIJ):   0.000ns
    Discrete Jitter (DJ):       0.000ns
    Phase Error (PE):           0.000ns

  Maximum Data Path at Slow Process Corner: gamestates/M_gamestates_q_FSM_FFd5_2 to gamestates/M_high_score_q_15
    Location             Delay type         Delay(ns)  Physical Resource
                                                       Logical Resource(s)
    -------------------------------------------------  -------------------
    SLICE_X7Y22.BQ       Tcko                  0.430   gamestates/M_gamestates_q_FSM_FFd5_2
                                                       gamestates/M_gamestates_q_FSM_FFd5_2
    SLICE_X2Y27.A2       net (fanout=14)       1.831   gamestates/M_gamestates_q_FSM_FFd5_2
    SLICE_X2Y27.AMUX     Tilo                  0.298   gamestates/M_alu_a[14]
                                                       gamestates/M_gamestates_q_M_alu_b<12>1
    SLICE_X8Y27.C2       net (fanout=1)        1.516   gamestates/M_alu_b[12]
    SLICE_X8Y27.COUT     Topcyc                0.328   gamestates/Mcompar_a[15]_b[15]_LessThan_2_o_cy[7]
                                                       gamestates/alu/cmp/Mcompar_a[15]_b[15]_LessThan_2_o_lut<6>
                                                       gamestates/alu/cmp/Mcompar_a[15]_b[15]_LessThan_2_o_cy<7>
    SLICE_X2Y28.D2       net (fanout=17)       2.212   gamestates/Mcompar_a[15]_b[15]_LessThan_2_o_cy[7]
    SLICE_X2Y28.CLK      Tas                   0.349   gamestates/M_high_score_q[15]
                                                       gamestates/M_high_score_q_15_rstpot
                                                       gamestates/M_high_score_q_15
    -------------------------------------------------  ---------------------------
    Total                                      6.964ns (1.405ns logic, 5.559ns route)
                                                       (20.2% logic, 79.8% route)

--------------------------------------------------------------------------------
Slack:                  13.009ns (requirement - (data path - clock path skew + uncertainty))
  Source:               gamestates/M_counter_q_11 (FF)
  Destination:          gamestates/M_gamestates_q_FSM_FFd12 (FF)
  Requirement:          20.000ns
  Data Path Delay:      6.967ns (Levels of Logic = 4)
  Clock Path Skew:      0.011ns (0.726 - 0.715)
  Source Clock:         clk_BUFGP rising at 0.000ns
  Destination Clock:    clk_BUFGP rising at 20.000ns
  Clock Uncertainty:    0.035ns

  Clock Uncertainty:          0.035ns  ((TSJ^2 + TIJ^2)^1/2 + DJ) / 2 + PE
    Total System Jitter (TSJ):  0.070ns
    Total Input Jitter (TIJ):   0.000ns
    Discrete Jitter (DJ):       0.000ns
    Phase Error (PE):           0.000ns

  Maximum Data Path at Slow Process Corner: gamestates/M_counter_q_11 to gamestates/M_gamestates_q_FSM_FFd12
    Location             Delay type         Delay(ns)  Physical Resource
                                                       Logical Resource(s)
    -------------------------------------------------  -------------------
    SLICE_X12Y35.DQ      Tcko                  0.525   gamestates/M_counter_q[11]
                                                       gamestates/M_counter_q_11
    SLICE_X13Y35.A6      net (fanout=2)        1.235   gamestates/M_counter_q[11]
    SLICE_X13Y35.A       Tilo                  0.259   gamestates/M_counter_q[24]_PWR_7_o_equal_17_o<24>2
                                                       gamestates/M_fast_counter_q[23]_PWR_7_o_equal_19_o<23>1
    SLICE_X13Y35.B1      net (fanout=3)        1.413   gamestates/M_counter_q[24]_PWR_7_o_equal_17_o[24]
    SLICE_X13Y35.B       Tilo                  0.259   gamestates/M_counter_q[24]_PWR_7_o_equal_17_o<24>2
                                                       gamestates/M_counter_q[24]_PWR_7_o_equal_17_o<24>5
    SLICE_X5Y32.B2       net (fanout=2)        1.631   gamestates/M_counter_q[24]_PWR_7_o_equal_17_o
    SLICE_X5Y32.B        Tilo                  0.259   out1_0
                                                       gamestates/M_gamestates_q_FSM_FFd12-In6_SW1
    SLICE_X7Y29.A1       net (fanout=1)        1.013   gamestates/N117
    SLICE_X7Y29.CLK      Tas                   0.373   gamestates/M_gamestates_q_FSM_FFd12
                                                       gamestates/M_gamestates_q_FSM_FFd12-In6
                                                       gamestates/M_gamestates_q_FSM_FFd12
    -------------------------------------------------  ---------------------------
    Total                                      6.967ns (1.675ns logic, 5.292ns route)
                                                       (24.0% logic, 76.0% route)

--------------------------------------------------------------------------------
Slack:                  13.027ns (requirement - (data path - clock path skew + uncertainty))
  Source:               gamestates/M_gamestates_q_FSM_FFd5_2 (FF)
  Destination:          gamestates/M_high_score_q_14 (FF)
  Requirement:          20.000ns
  Data Path Delay:      6.936ns (Levels of Logic = 3)
  Clock Path Skew:      -0.002ns (0.337 - 0.339)
  Source Clock:         clk_BUFGP rising at 0.000ns
  Destination Clock:    clk_BUFGP rising at 20.000ns
  Clock Uncertainty:    0.035ns

  Clock Uncertainty:          0.035ns  ((TSJ^2 + TIJ^2)^1/2 + DJ) / 2 + PE
    Total System Jitter (TSJ):  0.070ns
    Total Input Jitter (TIJ):   0.000ns
    Discrete Jitter (DJ):       0.000ns
    Phase Error (PE):           0.000ns

  Maximum Data Path at Slow Process Corner: gamestates/M_gamestates_q_FSM_FFd5_2 to gamestates/M_high_score_q_14
    Location             Delay type         Delay(ns)  Physical Resource
                                                       Logical Resource(s)
    -------------------------------------------------  -------------------
    SLICE_X7Y22.BQ       Tcko                  0.430   gamestates/M_gamestates_q_FSM_FFd5_2
                                                       gamestates/M_gamestates_q_FSM_FFd5_2
    SLICE_X2Y27.A2       net (fanout=14)       1.831   gamestates/M_gamestates_q_FSM_FFd5_2
    SLICE_X2Y27.AMUX     Tilo                  0.298   gamestates/M_alu_a[14]
                                                       gamestates/M_gamestates_q_M_alu_b<12>1
    SLICE_X8Y27.C2       net (fanout=1)        1.516   gamestates/M_alu_b[12]
    SLICE_X8Y27.COUT     Topcyc                0.351   gamestates/Mcompar_a[15]_b[15]_LessThan_2_o_cy[7]
                                                       gamestates/alu/cmp/Mcompar_a[15]_b[15]_LessThan_2_o_lutdi6
                                                       gamestates/alu/cmp/Mcompar_a[15]_b[15]_LessThan_2_o_cy<7>
    SLICE_X2Y28.C2       net (fanout=17)       2.161   gamestates/Mcompar_a[15]_b[15]_LessThan_2_o_cy[7]
    SLICE_X2Y28.CLK      Tas                   0.349   gamestates/M_high_score_q[15]
                                                       gamestates/M_high_score_q_14_rstpot
                                                       gamestates/M_high_score_q_14
    -------------------------------------------------  ---------------------------
    Total                                      6.936ns (1.428ns logic, 5.508ns route)
                                                       (20.6% logic, 79.4% route)

--------------------------------------------------------------------------------
Slack:                  13.050ns (requirement - (data path - clock path skew + uncertainty))
  Source:               gamestates/M_gamestates_q_FSM_FFd5_2 (FF)
  Destination:          gamestates/M_high_score_q_14 (FF)
  Requirement:          20.000ns
  Data Path Delay:      6.913ns (Levels of Logic = 3)
  Clock Path Skew:      -0.002ns (0.337 - 0.339)
  Source Clock:         clk_BUFGP rising at 0.000ns
  Destination Clock:    clk_BUFGP rising at 20.000ns
  Clock Uncertainty:    0.035ns

  Clock Uncertainty:          0.035ns  ((TSJ^2 + TIJ^2)^1/2 + DJ) / 2 + PE
    Total System Jitter (TSJ):  0.070ns
    Total Input Jitter (TIJ):   0.000ns
    Discrete Jitter (DJ):       0.000ns
    Phase Error (PE):           0.000ns

  Maximum Data Path at Slow Process Corner: gamestates/M_gamestates_q_FSM_FFd5_2 to gamestates/M_high_score_q_14
    Location             Delay type         Delay(ns)  Physical Resource
                                                       Logical Resource(s)
    -------------------------------------------------  -------------------
    SLICE_X7Y22.BQ       Tcko                  0.430   gamestates/M_gamestates_q_FSM_FFd5_2
                                                       gamestates/M_gamestates_q_FSM_FFd5_2
    SLICE_X2Y27.A2       net (fanout=14)       1.831   gamestates/M_gamestates_q_FSM_FFd5_2
    SLICE_X2Y27.AMUX     Tilo                  0.298   gamestates/M_alu_a[14]
                                                       gamestates/M_gamestates_q_M_alu_b<12>1
    SLICE_X8Y27.C2       net (fanout=1)        1.516   gamestates/M_alu_b[12]
    SLICE_X8Y27.COUT     Topcyc                0.328   gamestates/Mcompar_a[15]_b[15]_LessThan_2_o_cy[7]
                                                       gamestates/alu/cmp/Mcompar_a[15]_b[15]_LessThan_2_o_lut<6>
                                                       gamestates/alu/cmp/Mcompar_a[15]_b[15]_LessThan_2_o_cy<7>
    SLICE_X2Y28.C2       net (fanout=17)       2.161   gamestates/Mcompar_a[15]_b[15]_LessThan_2_o_cy[7]
    SLICE_X2Y28.CLK      Tas                   0.349   gamestates/M_high_score_q[15]
                                                       gamestates/M_high_score_q_14_rstpot
                                                       gamestates/M_high_score_q_14
    -------------------------------------------------  ---------------------------
    Total                                      6.913ns (1.405ns logic, 5.508ns route)
                                                       (20.3% logic, 79.7% route)

--------------------------------------------------------------------------------
Slack:                  13.087ns (requirement - (data path - clock path skew + uncertainty))
  Source:               gamestates/M_score_q_0 (FF)
  Destination:          gamestates/M_high_score_q_15 (FF)
  Requirement:          20.000ns
  Data Path Delay:      6.876ns (Levels of Logic = 4)
  Clock Path Skew:      -0.002ns (0.337 - 0.339)
  Source Clock:         clk_BUFGP rising at 0.000ns
  Destination Clock:    clk_BUFGP rising at 20.000ns
  Clock Uncertainty:    0.035ns

  Clock Uncertainty:          0.035ns  ((TSJ^2 + TIJ^2)^1/2 + DJ) / 2 + PE
    Total System Jitter (TSJ):  0.070ns
    Total Input Jitter (TIJ):   0.000ns
    Discrete Jitter (DJ):       0.000ns
    Phase Error (PE):           0.000ns

  Maximum Data Path at Slow Process Corner: gamestates/M_score_q_0 to gamestates/M_high_score_q_15
    Location             Delay type         Delay(ns)  Physical Resource
                                                       Logical Resource(s)
    -------------------------------------------------  -------------------
    SLICE_X8Y28.BQ       Tcko                  0.525   M_score_q_0
                                                       gamestates/M_score_q_0
    SLICE_X3Y26.A2       net (fanout=12)       1.748   M_score_q_0
    SLICE_X3Y26.A        Tilo                  0.259   gamestates/M_alu_a[0]
                                                       gamestates/M_alu_a<16>1
    SLICE_X8Y26.A1       net (fanout=2)        1.205   gamestates/M_alu_a[0]
    SLICE_X8Y26.COUT     Topcya                0.482   gamestates/alu/cmp/Mcompar_a[15]_b[15]_LessThan_2_o_cy[3]
                                                       gamestates/alu/cmp/Mcompar_a[15]_b[15]_LessThan_2_o_lutdi
                                                       gamestates/alu/cmp/Mcompar_a[15]_b[15]_LessThan_2_o_cy<3>
    SLICE_X8Y27.CIN      net (fanout=1)        0.003   gamestates/alu/cmp/Mcompar_a[15]_b[15]_LessThan_2_o_cy[3]
    SLICE_X8Y27.COUT     Tbyp                  0.093   gamestates/Mcompar_a[15]_b[15]_LessThan_2_o_cy[7]
                                                       gamestates/alu/cmp/Mcompar_a[15]_b[15]_LessThan_2_o_cy<7>
    SLICE_X2Y28.D2       net (fanout=17)       2.212   gamestates/Mcompar_a[15]_b[15]_LessThan_2_o_cy[7]
    SLICE_X2Y28.CLK      Tas                   0.349   gamestates/M_high_score_q[15]
                                                       gamestates/M_high_score_q_15_rstpot
                                                       gamestates/M_high_score_q_15
    -------------------------------------------------  ---------------------------
    Total                                      6.876ns (1.708ns logic, 5.168ns route)
                                                       (24.8% logic, 75.2% route)

--------------------------------------------------------------------------------
Slack:                  13.095ns (requirement - (data path - clock path skew + uncertainty))
  Source:               gamestates/M_score_q_0 (FF)
  Destination:          gamestates/M_high_score_q_15 (FF)
  Requirement:          20.000ns
  Data Path Delay:      6.868ns (Levels of Logic = 4)
  Clock Path Skew:      -0.002ns (0.337 - 0.339)
  Source Clock:         clk_BUFGP rising at 0.000ns
  Destination Clock:    clk_BUFGP rising at 20.000ns
  Clock Uncertainty:    0.035ns

  Clock Uncertainty:          0.035ns  ((TSJ^2 + TIJ^2)^1/2 + DJ) / 2 + PE
    Total System Jitter (TSJ):  0.070ns
    Total Input Jitter (TIJ):   0.000ns
    Discrete Jitter (DJ):       0.000ns
    Phase Error (PE):           0.000ns

  Maximum Data Path at Slow Process Corner: gamestates/M_score_q_0 to gamestates/M_high_score_q_15
    Location             Delay type         Delay(ns)  Physical Resource
                                                       Logical Resource(s)
    -------------------------------------------------  -------------------
    SLICE_X8Y28.BQ       Tcko                  0.525   M_score_q_0
                                                       gamestates/M_score_q_0
    SLICE_X3Y26.A2       net (fanout=12)       1.748   M_score_q_0
    SLICE_X3Y26.A        Tilo                  0.259   gamestates/M_alu_a[0]
                                                       gamestates/M_alu_a<16>1
    SLICE_X8Y26.A1       net (fanout=2)        1.205   gamestates/M_alu_a[0]
    SLICE_X8Y26.COUT     Topcya                0.474   gamestates/alu/cmp/Mcompar_a[15]_b[15]_LessThan_2_o_cy[3]
                                                       gamestates/alu/cmp/Mcompar_a[15]_b[15]_LessThan_2_o_lut<0>
                                                       gamestates/alu/cmp/Mcompar_a[15]_b[15]_LessThan_2_o_cy<3>
    SLICE_X8Y27.CIN      net (fanout=1)        0.003   gamestates/alu/cmp/Mcompar_a[15]_b[15]_LessThan_2_o_cy[3]
    SLICE_X8Y27.COUT     Tbyp                  0.093   gamestates/Mcompar_a[15]_b[15]_LessThan_2_o_cy[7]
                                                       gamestates/alu/cmp/Mcompar_a[15]_b[15]_LessThan_2_o_cy<7>
    SLICE_X2Y28.D2       net (fanout=17)       2.212   gamestates/Mcompar_a[15]_b[15]_LessThan_2_o_cy[7]
    SLICE_X2Y28.CLK      Tas                   0.349   gamestates/M_high_score_q[15]
                                                       gamestates/M_high_score_q_15_rstpot
                                                       gamestates/M_high_score_q_15
    -------------------------------------------------  ---------------------------
    Total                                      6.868ns (1.700ns logic, 5.168ns route)
                                                       (24.8% logic, 75.2% route)

--------------------------------------------------------------------------------
Slack:                  13.121ns (requirement - (data path - clock path skew + uncertainty))
  Source:               gamestates/M_gamestates_q_FSM_FFd5_2 (FF)
  Destination:          gamestates/M_high_score_q_13 (FF)
  Requirement:          20.000ns
  Data Path Delay:      6.842ns (Levels of Logic = 3)
  Clock Path Skew:      -0.002ns (0.337 - 0.339)
  Source Clock:         clk_BUFGP rising at 0.000ns
  Destination Clock:    clk_BUFGP rising at 20.000ns
  Clock Uncertainty:    0.035ns

  Clock Uncertainty:          0.035ns  ((TSJ^2 + TIJ^2)^1/2 + DJ) / 2 + PE
    Total System Jitter (TSJ):  0.070ns
    Total Input Jitter (TIJ):   0.000ns
    Discrete Jitter (DJ):       0.000ns
    Phase Error (PE):           0.000ns

  Maximum Data Path at Slow Process Corner: gamestates/M_gamestates_q_FSM_FFd5_2 to gamestates/M_high_score_q_13
    Location             Delay type         Delay(ns)  Physical Resource
                                                       Logical Resource(s)
    -------------------------------------------------  -------------------
    SLICE_X7Y22.BQ       Tcko                  0.430   gamestates/M_gamestates_q_FSM_FFd5_2
                                                       gamestates/M_gamestates_q_FSM_FFd5_2
    SLICE_X2Y27.A2       net (fanout=14)       1.831   gamestates/M_gamestates_q_FSM_FFd5_2
    SLICE_X2Y27.AMUX     Tilo                  0.298   gamestates/M_alu_a[14]
                                                       gamestates/M_gamestates_q_M_alu_b<12>1
    SLICE_X8Y27.C2       net (fanout=1)        1.516   gamestates/M_alu_b[12]
    SLICE_X8Y27.COUT     Topcyc                0.351   gamestates/Mcompar_a[15]_b[15]_LessThan_2_o_cy[7]
                                                       gamestates/alu/cmp/Mcompar_a[15]_b[15]_LessThan_2_o_lutdi6
                                                       gamestates/alu/cmp/Mcompar_a[15]_b[15]_LessThan_2_o_cy<7>
    SLICE_X2Y28.B3       net (fanout=17)       2.067   gamestates/Mcompar_a[15]_b[15]_LessThan_2_o_cy[7]
    SLICE_X2Y28.CLK      Tas                   0.349   gamestates/M_high_score_q[15]
                                                       gamestates/M_high_score_q_13_rstpot
                                                       gamestates/M_high_score_q_13
    -------------------------------------------------  ---------------------------
    Total                                      6.842ns (1.428ns logic, 5.414ns route)
                                                       (20.9% logic, 79.1% route)

--------------------------------------------------------------------------------
Slack:                  13.138ns (requirement - (data path - clock path skew + uncertainty))
  Source:               gamestates/M_score_q_0 (FF)
  Destination:          gamestates/M_high_score_q_14 (FF)
  Requirement:          20.000ns
  Data Path Delay:      6.825ns (Levels of Logic = 4)
  Clock Path Skew:      -0.002ns (0.337 - 0.339)
  Source Clock:         clk_BUFGP rising at 0.000ns
  Destination Clock:    clk_BUFGP rising at 20.000ns
  Clock Uncertainty:    0.035ns

  Clock Uncertainty:          0.035ns  ((TSJ^2 + TIJ^2)^1/2 + DJ) / 2 + PE
    Total System Jitter (TSJ):  0.070ns
    Total Input Jitter (TIJ):   0.000ns
    Discrete Jitter (DJ):       0.000ns
    Phase Error (PE):           0.000ns

  Maximum Data Path at Slow Process Corner: gamestates/M_score_q_0 to gamestates/M_high_score_q_14
    Location             Delay type         Delay(ns)  Physical Resource
                                                       Logical Resource(s)
    -------------------------------------------------  -------------------
    SLICE_X8Y28.BQ       Tcko                  0.525   M_score_q_0
                                                       gamestates/M_score_q_0
    SLICE_X3Y26.A2       net (fanout=12)       1.748   M_score_q_0
    SLICE_X3Y26.A        Tilo                  0.259   gamestates/M_alu_a[0]
                                                       gamestates/M_alu_a<16>1
    SLICE_X8Y26.A1       net (fanout=2)        1.205   gamestates/M_alu_a[0]
    SLICE_X8Y26.COUT     Topcya                0.482   gamestates/alu/cmp/Mcompar_a[15]_b[15]_LessThan_2_o_cy[3]
                                                       gamestates/alu/cmp/Mcompar_a[15]_b[15]_LessThan_2_o_lutdi
                                                       gamestates/alu/cmp/Mcompar_a[15]_b[15]_LessThan_2_o_cy<3>
    SLICE_X8Y27.CIN      net (fanout=1)        0.003   gamestates/alu/cmp/Mcompar_a[15]_b[15]_LessThan_2_o_cy[3]
    SLICE_X8Y27.COUT     Tbyp                  0.093   gamestates/Mcompar_a[15]_b[15]_LessThan_2_o_cy[7]
                                                       gamestates/alu/cmp/Mcompar_a[15]_b[15]_LessThan_2_o_cy<7>
    SLICE_X2Y28.C2       net (fanout=17)       2.161   gamestates/Mcompar_a[15]_b[15]_LessThan_2_o_cy[7]
    SLICE_X2Y28.CLK      Tas                   0.349   gamestates/M_high_score_q[15]
                                                       gamestates/M_high_score_q_14_rstpot
                                                       gamestates/M_high_score_q_14
    -------------------------------------------------  ---------------------------
    Total                                      6.825ns (1.708ns logic, 5.117ns route)
                                                       (25.0% logic, 75.0% route)

--------------------------------------------------------------------------------
Slack:                  13.144ns (requirement - (data path - clock path skew + uncertainty))
  Source:               gamestates/M_gamestates_q_FSM_FFd5_2 (FF)
  Destination:          gamestates/M_high_score_q_13 (FF)
  Requirement:          20.000ns
  Data Path Delay:      6.819ns (Levels of Logic = 3)
  Clock Path Skew:      -0.002ns (0.337 - 0.339)
  Source Clock:         clk_BUFGP rising at 0.000ns
  Destination Clock:    clk_BUFGP rising at 20.000ns
  Clock Uncertainty:    0.035ns

  Clock Uncertainty:          0.035ns  ((TSJ^2 + TIJ^2)^1/2 + DJ) / 2 + PE
    Total System Jitter (TSJ):  0.070ns
    Total Input Jitter (TIJ):   0.000ns
    Discrete Jitter (DJ):       0.000ns
    Phase Error (PE):           0.000ns

  Maximum Data Path at Slow Process Corner: gamestates/M_gamestates_q_FSM_FFd5_2 to gamestates/M_high_score_q_13
    Location             Delay type         Delay(ns)  Physical Resource
                                                       Logical Resource(s)
    -------------------------------------------------  -------------------
    SLICE_X7Y22.BQ       Tcko                  0.430   gamestates/M_gamestates_q_FSM_FFd5_2
                                                       gamestates/M_gamestates_q_FSM_FFd5_2
    SLICE_X2Y27.A2       net (fanout=14)       1.831   gamestates/M_gamestates_q_FSM_FFd5_2
    SLICE_X2Y27.AMUX     Tilo                  0.298   gamestates/M_alu_a[14]
                                                       gamestates/M_gamestates_q_M_alu_b<12>1
    SLICE_X8Y27.C2       net (fanout=1)        1.516   gamestates/M_alu_b[12]
    SLICE_X8Y27.COUT     Topcyc                0.328   gamestates/Mcompar_a[15]_b[15]_LessThan_2_o_cy[7]
                                                       gamestates/alu/cmp/Mcompar_a[15]_b[15]_LessThan_2_o_lut<6>
                                                       gamestates/alu/cmp/Mcompar_a[15]_b[15]_LessThan_2_o_cy<7>
    SLICE_X2Y28.B3       net (fanout=17)       2.067   gamestates/Mcompar_a[15]_b[15]_LessThan_2_o_cy[7]
    SLICE_X2Y28.CLK      Tas                   0.349   gamestates/M_high_score_q[15]
                                                       gamestates/M_high_score_q_13_rstpot
                                                       gamestates/M_high_score_q_13
    -------------------------------------------------  ---------------------------
    Total                                      6.819ns (1.405ns logic, 5.414ns route)
                                                       (20.6% logic, 79.4% route)

--------------------------------------------------------------------------------
Slack:                  13.146ns (requirement - (data path - clock path skew + uncertainty))
  Source:               gamestates/M_score_q_0 (FF)
  Destination:          gamestates/M_high_score_q_14 (FF)
  Requirement:          20.000ns
  Data Path Delay:      6.817ns (Levels of Logic = 4)
  Clock Path Skew:      -0.002ns (0.337 - 0.339)
  Source Clock:         clk_BUFGP rising at 0.000ns
  Destination Clock:    clk_BUFGP rising at 20.000ns
  Clock Uncertainty:    0.035ns

  Clock Uncertainty:          0.035ns  ((TSJ^2 + TIJ^2)^1/2 + DJ) / 2 + PE
    Total System Jitter (TSJ):  0.070ns
    Total Input Jitter (TIJ):   0.000ns
    Discrete Jitter (DJ):       0.000ns
    Phase Error (PE):           0.000ns

  Maximum Data Path at Slow Process Corner: gamestates/M_score_q_0 to gamestates/M_high_score_q_14
    Location             Delay type         Delay(ns)  Physical Resource
                                                       Logical Resource(s)
    -------------------------------------------------  -------------------
    SLICE_X8Y28.BQ       Tcko                  0.525   M_score_q_0
                                                       gamestates/M_score_q_0
    SLICE_X3Y26.A2       net (fanout=12)       1.748   M_score_q_0
    SLICE_X3Y26.A        Tilo                  0.259   gamestates/M_alu_a[0]
                                                       gamestates/M_alu_a<16>1
    SLICE_X8Y26.A1       net (fanout=2)        1.205   gamestates/M_alu_a[0]
    SLICE_X8Y26.COUT     Topcya                0.474   gamestates/alu/cmp/Mcompar_a[15]_b[15]_LessThan_2_o_cy[3]
                                                       gamestates/alu/cmp/Mcompar_a[15]_b[15]_LessThan_2_o_lut<0>
                                                       gamestates/alu/cmp/Mcompar_a[15]_b[15]_LessThan_2_o_cy<3>
    SLICE_X8Y27.CIN      net (fanout=1)        0.003   gamestates/alu/cmp/Mcompar_a[15]_b[15]_LessThan_2_o_cy[3]
    SLICE_X8Y27.COUT     Tbyp                  0.093   gamestates/Mcompar_a[15]_b[15]_LessThan_2_o_cy[7]
                                                       gamestates/alu/cmp/Mcompar_a[15]_b[15]_LessThan_2_o_cy<7>
    SLICE_X2Y28.C2       net (fanout=17)       2.161   gamestates/Mcompar_a[15]_b[15]_LessThan_2_o_cy[7]
    SLICE_X2Y28.CLK      Tas                   0.349   gamestates/M_high_score_q[15]
                                                       gamestates/M_high_score_q_14_rstpot
                                                       gamestates/M_high_score_q_14
    -------------------------------------------------  ---------------------------
    Total                                      6.817ns (1.700ns logic, 5.117ns route)
                                                       (24.9% logic, 75.1% route)

--------------------------------------------------------------------------------
Slack:                  13.232ns (requirement - (data path - clock path skew + uncertainty))
  Source:               gamestates/M_score_q_0 (FF)
  Destination:          gamestates/M_high_score_q_13 (FF)
  Requirement:          20.000ns
  Data Path Delay:      6.731ns (Levels of Logic = 4)
  Clock Path Skew:      -0.002ns (0.337 - 0.339)
  Source Clock:         clk_BUFGP rising at 0.000ns
  Destination Clock:    clk_BUFGP rising at 20.000ns
  Clock Uncertainty:    0.035ns

  Clock Uncertainty:          0.035ns  ((TSJ^2 + TIJ^2)^1/2 + DJ) / 2 + PE
    Total System Jitter (TSJ):  0.070ns
    Total Input Jitter (TIJ):   0.000ns
    Discrete Jitter (DJ):       0.000ns
    Phase Error (PE):           0.000ns

  Maximum Data Path at Slow Process Corner: gamestates/M_score_q_0 to gamestates/M_high_score_q_13
    Location             Delay type         Delay(ns)  Physical Resource
                                                       Logical Resource(s)
    -------------------------------------------------  -------------------
    SLICE_X8Y28.BQ       Tcko                  0.525   M_score_q_0
                                                       gamestates/M_score_q_0
    SLICE_X3Y26.A2       net (fanout=12)       1.748   M_score_q_0
    SLICE_X3Y26.A        Tilo                  0.259   gamestates/M_alu_a[0]
                                                       gamestates/M_alu_a<16>1
    SLICE_X8Y26.A1       net (fanout=2)        1.205   gamestates/M_alu_a[0]
    SLICE_X8Y26.COUT     Topcya                0.482   gamestates/alu/cmp/Mcompar_a[15]_b[15]_LessThan_2_o_cy[3]
                                                       gamestates/alu/cmp/Mcompar_a[15]_b[15]_LessThan_2_o_lutdi
                                                       gamestates/alu/cmp/Mcompar_a[15]_b[15]_LessThan_2_o_cy<3>
    SLICE_X8Y27.CIN      net (fanout=1)        0.003   gamestates/alu/cmp/Mcompar_a[15]_b[15]_LessThan_2_o_cy[3]
    SLICE_X8Y27.COUT     Tbyp                  0.093   gamestates/Mcompar_a[15]_b[15]_LessThan_2_o_cy[7]
                                                       gamestates/alu/cmp/Mcompar_a[15]_b[15]_LessThan_2_o_cy<7>
    SLICE_X2Y28.B3       net (fanout=17)       2.067   gamestates/Mcompar_a[15]_b[15]_LessThan_2_o_cy[7]
    SLICE_X2Y28.CLK      Tas                   0.349   gamestates/M_high_score_q[15]
                                                       gamestates/M_high_score_q_13_rstpot
                                                       gamestates/M_high_score_q_13
    -------------------------------------------------  ---------------------------
    Total                                      6.731ns (1.708ns logic, 5.023ns route)
                                                       (25.4% logic, 74.6% route)

--------------------------------------------------------------------------------
Slack:                  13.236ns (requirement - (data path - clock path skew + uncertainty))
  Source:               gamestates/M_gamestates_q_FSM_FFd5_2 (FF)
  Destination:          gamestates/M_high_score_q_12 (FF)
  Requirement:          20.000ns
  Data Path Delay:      6.727ns (Levels of Logic = 3)
  Clock Path Skew:      -0.002ns (0.337 - 0.339)
  Source Clock:         clk_BUFGP rising at 0.000ns
  Destination Clock:    clk_BUFGP rising at 20.000ns
  Clock Uncertainty:    0.035ns

  Clock Uncertainty:          0.035ns  ((TSJ^2 + TIJ^2)^1/2 + DJ) / 2 + PE
    Total System Jitter (TSJ):  0.070ns
    Total Input Jitter (TIJ):   0.000ns
    Discrete Jitter (DJ):       0.000ns
    Phase Error (PE):           0.000ns

  Maximum Data Path at Slow Process Corner: gamestates/M_gamestates_q_FSM_FFd5_2 to gamestates/M_high_score_q_12
    Location             Delay type         Delay(ns)  Physical Resource
                                                       Logical Resource(s)
    -------------------------------------------------  -------------------
    SLICE_X7Y22.BQ       Tcko                  0.430   gamestates/M_gamestates_q_FSM_FFd5_2
                                                       gamestates/M_gamestates_q_FSM_FFd5_2
    SLICE_X2Y27.A2       net (fanout=14)       1.831   gamestates/M_gamestates_q_FSM_FFd5_2
    SLICE_X2Y27.AMUX     Tilo                  0.298   gamestates/M_alu_a[14]
                                                       gamestates/M_gamestates_q_M_alu_b<12>1
    SLICE_X8Y27.C2       net (fanout=1)        1.516   gamestates/M_alu_b[12]
    SLICE_X8Y27.COUT     Topcyc                0.351   gamestates/Mcompar_a[15]_b[15]_LessThan_2_o_cy[7]
                                                       gamestates/alu/cmp/Mcompar_a[15]_b[15]_LessThan_2_o_lutdi6
                                                       gamestates/alu/cmp/Mcompar_a[15]_b[15]_LessThan_2_o_cy<7>
    SLICE_X2Y28.A4       net (fanout=17)       1.952   gamestates/Mcompar_a[15]_b[15]_LessThan_2_o_cy[7]
    SLICE_X2Y28.CLK      Tas                   0.349   gamestates/M_high_score_q[15]
                                                       gamestates/M_high_score_q_12_rstpot
                                                       gamestates/M_high_score_q_12
    -------------------------------------------------  ---------------------------
    Total                                      6.727ns (1.428ns logic, 5.299ns route)
                                                       (21.2% logic, 78.8% route)

--------------------------------------------------------------------------------
Slack:                  13.238ns (requirement - (data path - clock path skew + uncertainty))
  Source:               gamestates/M_score_q_8 (FF)
  Destination:          gamestates/M_high_score_q_15 (FF)
  Requirement:          20.000ns
  Data Path Delay:      6.718ns (Levels of Logic = 3)
  Clock Path Skew:      -0.009ns (0.337 - 0.346)
  Source Clock:         clk_BUFGP rising at 0.000ns
  Destination Clock:    clk_BUFGP rising at 20.000ns
  Clock Uncertainty:    0.035ns

  Clock Uncertainty:          0.035ns  ((TSJ^2 + TIJ^2)^1/2 + DJ) / 2 + PE
    Total System Jitter (TSJ):  0.070ns
    Total Input Jitter (TIJ):   0.000ns
    Discrete Jitter (DJ):       0.000ns
    Phase Error (PE):           0.000ns

  Maximum Data Path at Slow Process Corner: gamestates/M_score_q_8 to gamestates/M_high_score_q_15
    Location             Delay type         Delay(ns)  Physical Resource
                                                       Logical Resource(s)
    -------------------------------------------------  -------------------
    SLICE_X7Y27.AQ       Tcko                  0.430   gamestates/M_score_q[10]
                                                       gamestates/M_score_q_8
    SLICE_X2Y26.A1       net (fanout=5)        1.364   gamestates/M_score_q[8]
    SLICE_X2Y26.A        Tilo                  0.235   gamestates/N120
                                                       gamestates/M_gamestates_q_M_alu_b<8>1
    SLICE_X8Y27.A2       net (fanout=1)        1.646   gamestates/M_alu_b[8]
    SLICE_X8Y27.COUT     Topcya                0.482   gamestates/Mcompar_a[15]_b[15]_LessThan_2_o_cy[7]
                                                       gamestates/alu/cmp/Mcompar_a[15]_b[15]_LessThan_2_o_lutdi4
                                                       gamestates/alu/cmp/Mcompar_a[15]_b[15]_LessThan_2_o_cy<7>
    SLICE_X2Y28.D2       net (fanout=17)       2.212   gamestates/Mcompar_a[15]_b[15]_LessThan_2_o_cy[7]
    SLICE_X2Y28.CLK      Tas                   0.349   gamestates/M_high_score_q[15]
                                                       gamestates/M_high_score_q_15_rstpot
                                                       gamestates/M_high_score_q_15
    -------------------------------------------------  ---------------------------
    Total                                      6.718ns (1.496ns logic, 5.222ns route)
                                                       (22.3% logic, 77.7% route)

--------------------------------------------------------------------------------
Slack:                  13.240ns (requirement - (data path - clock path skew + uncertainty))
  Source:               gamestates/M_gamestates_q_FSM_FFd5_1 (FF)
  Destination:          gamestates/M_high_score_q_15 (FF)
  Requirement:          20.000ns
  Data Path Delay:      6.723ns (Levels of Logic = 3)
  Clock Path Skew:      -0.002ns (0.337 - 0.339)
  Source Clock:         clk_BUFGP rising at 0.000ns
  Destination Clock:    clk_BUFGP rising at 20.000ns
  Clock Uncertainty:    0.035ns

  Clock Uncertainty:          0.035ns  ((TSJ^2 + TIJ^2)^1/2 + DJ) / 2 + PE
    Total System Jitter (TSJ):  0.070ns
    Total Input Jitter (TIJ):   0.000ns
    Discrete Jitter (DJ):       0.000ns
    Phase Error (PE):           0.000ns

  Maximum Data Path at Slow Process Corner: gamestates/M_gamestates_q_FSM_FFd5_1 to gamestates/M_high_score_q_15
    Location             Delay type         Delay(ns)  Physical Resource
                                                       Logical Resource(s)
    -------------------------------------------------  -------------------
    SLICE_X7Y22.AQ       Tcko                  0.430   gamestates/M_gamestates_q_FSM_FFd5_2
                                                       gamestates/M_gamestates_q_FSM_FFd5_1
    SLICE_X3Y27.B1       net (fanout=15)       1.645   gamestates/M_gamestates_q_FSM_FFd5_1
    SLICE_X3Y27.B        Tilo                  0.259   gamestates/M_score_q[15]
                                                       gamestates/M_gamestates_q_M_alu_b<13>1
    SLICE_X8Y27.C3       net (fanout=1)        1.477   gamestates/M_alu_b[13]
    SLICE_X8Y27.COUT     Topcyc                0.351   gamestates/Mcompar_a[15]_b[15]_LessThan_2_o_cy[7]
                                                       gamestates/alu/cmp/Mcompar_a[15]_b[15]_LessThan_2_o_lutdi6
                                                       gamestates/alu/cmp/Mcompar_a[15]_b[15]_LessThan_2_o_cy<7>
    SLICE_X2Y28.D2       net (fanout=17)       2.212   gamestates/Mcompar_a[15]_b[15]_LessThan_2_o_cy[7]
    SLICE_X2Y28.CLK      Tas                   0.349   gamestates/M_high_score_q[15]
                                                       gamestates/M_high_score_q_15_rstpot
                                                       gamestates/M_high_score_q_15
    -------------------------------------------------  ---------------------------
    Total                                      6.723ns (1.389ns logic, 5.334ns route)
                                                       (20.7% logic, 79.3% route)

--------------------------------------------------------------------------------
Slack:                  13.240ns (requirement - (data path - clock path skew + uncertainty))
  Source:               gamestates/M_score_q_0 (FF)
  Destination:          gamestates/M_high_score_q_13 (FF)
  Requirement:          20.000ns
  Data Path Delay:      6.723ns (Levels of Logic = 4)
  Clock Path Skew:      -0.002ns (0.337 - 0.339)
  Source Clock:         clk_BUFGP rising at 0.000ns
  Destination Clock:    clk_BUFGP rising at 20.000ns
  Clock Uncertainty:    0.035ns

  Clock Uncertainty:          0.035ns  ((TSJ^2 + TIJ^2)^1/2 + DJ) / 2 + PE
    Total System Jitter (TSJ):  0.070ns
    Total Input Jitter (TIJ):   0.000ns
    Discrete Jitter (DJ):       0.000ns
    Phase Error (PE):           0.000ns

  Maximum Data Path at Slow Process Corner: gamestates/M_score_q_0 to gamestates/M_high_score_q_13
    Location             Delay type         Delay(ns)  Physical Resource
                                                       Logical Resource(s)
    -------------------------------------------------  -------------------
    SLICE_X8Y28.BQ       Tcko                  0.525   M_score_q_0
                                                       gamestates/M_score_q_0
    SLICE_X3Y26.A2       net (fanout=12)       1.748   M_score_q_0
    SLICE_X3Y26.A        Tilo                  0.259   gamestates/M_alu_a[0]
                                                       gamestates/M_alu_a<16>1
    SLICE_X8Y26.A1       net (fanout=2)        1.205   gamestates/M_alu_a[0]
    SLICE_X8Y26.COUT     Topcya                0.474   gamestates/alu/cmp/Mcompar_a[15]_b[15]_LessThan_2_o_cy[3]
                                                       gamestates/alu/cmp/Mcompar_a[15]_b[15]_LessThan_2_o_lut<0>
                                                       gamestates/alu/cmp/Mcompar_a[15]_b[15]_LessThan_2_o_cy<3>
    SLICE_X8Y27.CIN      net (fanout=1)        0.003   gamestates/alu/cmp/Mcompar_a[15]_b[15]_LessThan_2_o_cy[3]
    SLICE_X8Y27.COUT     Tbyp                  0.093   gamestates/Mcompar_a[15]_b[15]_LessThan_2_o_cy[7]
                                                       gamestates/alu/cmp/Mcompar_a[15]_b[15]_LessThan_2_o_cy<7>
    SLICE_X2Y28.B3       net (fanout=17)       2.067   gamestates/Mcompar_a[15]_b[15]_LessThan_2_o_cy[7]
    SLICE_X2Y28.CLK      Tas                   0.349   gamestates/M_high_score_q[15]
                                                       gamestates/M_high_score_q_13_rstpot
                                                       gamestates/M_high_score_q_13
    -------------------------------------------------  ---------------------------
    Total                                      6.723ns (1.700ns logic, 5.023ns route)
                                                       (25.3% logic, 74.7% route)

--------------------------------------------------------------------------------
Slack:                  13.245ns (requirement - (data path - clock path skew + uncertainty))
  Source:               gamestates/M_high_score_q_0 (FF)
  Destination:          gamestates/M_high_score_q_15 (FF)
  Requirement:          20.000ns
  Data Path Delay:      6.719ns (Levels of Logic = 4)
  Clock Path Skew:      -0.001ns (0.337 - 0.338)
  Source Clock:         clk_BUFGP rising at 0.000ns
  Destination Clock:    clk_BUFGP rising at 20.000ns
  Clock Uncertainty:    0.035ns

  Clock Uncertainty:          0.035ns  ((TSJ^2 + TIJ^2)^1/2 + DJ) / 2 + PE
    Total System Jitter (TSJ):  0.070ns
    Total Input Jitter (TIJ):   0.000ns
    Discrete Jitter (DJ):       0.000ns
    Phase Error (PE):           0.000ns

  Maximum Data Path at Slow Process Corner: gamestates/M_high_score_q_0 to gamestates/M_high_score_q_15
    Location             Delay type         Delay(ns)  Physical Resource
                                                       Logical Resource(s)
    -------------------------------------------------  -------------------
    SLICE_X10Y28.AMUX    Tshcko                0.535   M_gamestates_row5[95]
                                                       gamestates/M_high_score_q_0
    SLICE_X3Y26.A3       net (fanout=3)        1.581   gamestates/M_high_score_q[0]
    SLICE_X3Y26.A        Tilo                  0.259   gamestates/M_alu_a[0]
                                                       gamestates/M_alu_a<16>1
    SLICE_X8Y26.A1       net (fanout=2)        1.205   gamestates/M_alu_a[0]
    SLICE_X8Y26.COUT     Topcya                0.482   gamestates/alu/cmp/Mcompar_a[15]_b[15]_LessThan_2_o_cy[3]
                                                       gamestates/alu/cmp/Mcompar_a[15]_b[15]_LessThan_2_o_lutdi
                                                       gamestates/alu/cmp/Mcompar_a[15]_b[15]_LessThan_2_o_cy<3>
    SLICE_X8Y27.CIN      net (fanout=1)        0.003   gamestates/alu/cmp/Mcompar_a[15]_b[15]_LessThan_2_o_cy[3]
    SLICE_X8Y27.COUT     Tbyp                  0.093   gamestates/Mcompar_a[15]_b[15]_LessThan_2_o_cy[7]
                                                       gamestates/alu/cmp/Mcompar_a[15]_b[15]_LessThan_2_o_cy<7>
    SLICE_X2Y28.D2       net (fanout=17)       2.212   gamestates/Mcompar_a[15]_b[15]_LessThan_2_o_cy[7]
    SLICE_X2Y28.CLK      Tas                   0.349   gamestates/M_high_score_q[15]
                                                       gamestates/M_high_score_q_15_rstpot
                                                       gamestates/M_high_score_q_15
    -------------------------------------------------  ---------------------------
    Total                                      6.719ns (1.718ns logic, 5.001ns route)
                                                       (25.6% logic, 74.4% route)

--------------------------------------------------------------------------------
Slack:                  13.246ns (requirement - (data path - clock path skew + uncertainty))
  Source:               gamestates/M_score_q_8 (FF)
  Destination:          gamestates/M_high_score_q_15 (FF)
  Requirement:          20.000ns
  Data Path Delay:      6.710ns (Levels of Logic = 3)
  Clock Path Skew:      -0.009ns (0.337 - 0.346)
  Source Clock:         clk_BUFGP rising at 0.000ns
  Destination Clock:    clk_BUFGP rising at 20.000ns
  Clock Uncertainty:    0.035ns

  Clock Uncertainty:          0.035ns  ((TSJ^2 + TIJ^2)^1/2 + DJ) / 2 + PE
    Total System Jitter (TSJ):  0.070ns
    Total Input Jitter (TIJ):   0.000ns
    Discrete Jitter (DJ):       0.000ns
    Phase Error (PE):           0.000ns

  Maximum Data Path at Slow Process Corner: gamestates/M_score_q_8 to gamestates/M_high_score_q_15
    Location             Delay type         Delay(ns)  Physical Resource
                                                       Logical Resource(s)
    -------------------------------------------------  -------------------
    SLICE_X7Y27.AQ       Tcko                  0.430   gamestates/M_score_q[10]
                                                       gamestates/M_score_q_8
    SLICE_X2Y26.A1       net (fanout=5)        1.364   gamestates/M_score_q[8]
    SLICE_X2Y26.A        Tilo                  0.235   gamestates/N120
                                                       gamestates/M_gamestates_q_M_alu_b<8>1
    SLICE_X8Y27.A2       net (fanout=1)        1.646   gamestates/M_alu_b[8]
    SLICE_X8Y27.COUT     Topcya                0.474   gamestates/Mcompar_a[15]_b[15]_LessThan_2_o_cy[7]
                                                       gamestates/alu/cmp/Mcompar_a[15]_b[15]_LessThan_2_o_lut<4>
                                                       gamestates/alu/cmp/Mcompar_a[15]_b[15]_LessThan_2_o_cy<7>
    SLICE_X2Y28.D2       net (fanout=17)       2.212   gamestates/Mcompar_a[15]_b[15]_LessThan_2_o_cy[7]
    SLICE_X2Y28.CLK      Tas                   0.349   gamestates/M_high_score_q[15]
                                                       gamestates/M_high_score_q_15_rstpot
                                                       gamestates/M_high_score_q_15
    -------------------------------------------------  ---------------------------
    Total                                      6.710ns (1.488ns logic, 5.222ns route)
                                                       (22.2% logic, 77.8% route)

--------------------------------------------------------------------------------
Slack:                  13.253ns (requirement - (data path - clock path skew + uncertainty))
  Source:               gamestates/M_high_score_q_0 (FF)
  Destination:          gamestates/M_high_score_q_15 (FF)
  Requirement:          20.000ns
  Data Path Delay:      6.711ns (Levels of Logic = 4)
  Clock Path Skew:      -0.001ns (0.337 - 0.338)
  Source Clock:         clk_BUFGP rising at 0.000ns
  Destination Clock:    clk_BUFGP rising at 20.000ns
  Clock Uncertainty:    0.035ns

  Clock Uncertainty:          0.035ns  ((TSJ^2 + TIJ^2)^1/2 + DJ) / 2 + PE
    Total System Jitter (TSJ):  0.070ns
    Total Input Jitter (TIJ):   0.000ns
    Discrete Jitter (DJ):       0.000ns
    Phase Error (PE):           0.000ns

  Maximum Data Path at Slow Process Corner: gamestates/M_high_score_q_0 to gamestates/M_high_score_q_15
    Location             Delay type         Delay(ns)  Physical Resource
                                                       Logical Resource(s)
    -------------------------------------------------  -------------------
    SLICE_X10Y28.AMUX    Tshcko                0.535   M_gamestates_row5[95]
                                                       gamestates/M_high_score_q_0
    SLICE_X3Y26.A3       net (fanout=3)        1.581   gamestates/M_high_score_q[0]
    SLICE_X3Y26.A        Tilo                  0.259   gamestates/M_alu_a[0]
                                                       gamestates/M_alu_a<16>1
    SLICE_X8Y26.A1       net (fanout=2)        1.205   gamestates/M_alu_a[0]
    SLICE_X8Y26.COUT     Topcya                0.474   gamestates/alu/cmp/Mcompar_a[15]_b[15]_LessThan_2_o_cy[3]
                                                       gamestates/alu/cmp/Mcompar_a[15]_b[15]_LessThan_2_o_lut<0>
                                                       gamestates/alu/cmp/Mcompar_a[15]_b[15]_LessThan_2_o_cy<3>
    SLICE_X8Y27.CIN      net (fanout=1)        0.003   gamestates/alu/cmp/Mcompar_a[15]_b[15]_LessThan_2_o_cy[3]
    SLICE_X8Y27.COUT     Tbyp                  0.093   gamestates/Mcompar_a[15]_b[15]_LessThan_2_o_cy[7]
                                                       gamestates/alu/cmp/Mcompar_a[15]_b[15]_LessThan_2_o_cy<7>
    SLICE_X2Y28.D2       net (fanout=17)       2.212   gamestates/Mcompar_a[15]_b[15]_LessThan_2_o_cy[7]
    SLICE_X2Y28.CLK      Tas                   0.349   gamestates/M_high_score_q[15]
                                                       gamestates/M_high_score_q_15_rstpot
                                                       gamestates/M_high_score_q_15
    -------------------------------------------------  ---------------------------
    Total                                      6.711ns (1.710ns logic, 5.001ns route)
                                                       (25.5% logic, 74.5% route)

--------------------------------------------------------------------------------
Slack:                  13.259ns (requirement - (data path - clock path skew + uncertainty))
  Source:               gamestates/M_gamestates_q_FSM_FFd5_2 (FF)
  Destination:          gamestates/M_high_score_q_12 (FF)
  Requirement:          20.000ns
  Data Path Delay:      6.704ns (Levels of Logic = 3)
  Clock Path Skew:      -0.002ns (0.337 - 0.339)
  Source Clock:         clk_BUFGP rising at 0.000ns
  Destination Clock:    clk_BUFGP rising at 20.000ns
  Clock Uncertainty:    0.035ns

  Clock Uncertainty:          0.035ns  ((TSJ^2 + TIJ^2)^1/2 + DJ) / 2 + PE
    Total System Jitter (TSJ):  0.070ns
    Total Input Jitter (TIJ):   0.000ns
    Discrete Jitter (DJ):       0.000ns
    Phase Error (PE):           0.000ns

  Maximum Data Path at Slow Process Corner: gamestates/M_gamestates_q_FSM_FFd5_2 to gamestates/M_high_score_q_12
    Location             Delay type         Delay(ns)  Physical Resource
                                                       Logical Resource(s)
    -------------------------------------------------  -------------------
    SLICE_X7Y22.BQ       Tcko                  0.430   gamestates/M_gamestates_q_FSM_FFd5_2
                                                       gamestates/M_gamestates_q_FSM_FFd5_2
    SLICE_X2Y27.A2       net (fanout=14)       1.831   gamestates/M_gamestates_q_FSM_FFd5_2
    SLICE_X2Y27.AMUX     Tilo                  0.298   gamestates/M_alu_a[14]
                                                       gamestates/M_gamestates_q_M_alu_b<12>1
    SLICE_X8Y27.C2       net (fanout=1)        1.516   gamestates/M_alu_b[12]
    SLICE_X8Y27.COUT     Topcyc                0.328   gamestates/Mcompar_a[15]_b[15]_LessThan_2_o_cy[7]
                                                       gamestates/alu/cmp/Mcompar_a[15]_b[15]_LessThan_2_o_lut<6>
                                                       gamestates/alu/cmp/Mcompar_a[15]_b[15]_LessThan_2_o_cy<7>
    SLICE_X2Y28.A4       net (fanout=17)       1.952   gamestates/Mcompar_a[15]_b[15]_LessThan_2_o_cy[7]
    SLICE_X2Y28.CLK      Tas                   0.349   gamestates/M_high_score_q[15]
                                                       gamestates/M_high_score_q_12_rstpot
                                                       gamestates/M_high_score_q_12
    -------------------------------------------------  ---------------------------
    Total                                      6.704ns (1.405ns logic, 5.299ns route)
                                                       (21.0% logic, 79.0% route)

--------------------------------------------------------------------------------
Slack:                  13.263ns (requirement - (data path - clock path skew + uncertainty))
  Source:               gamestates/M_gamestates_q_FSM_FFd5_1 (FF)
  Destination:          gamestates/M_high_score_q_15 (FF)
  Requirement:          20.000ns
  Data Path Delay:      6.700ns (Levels of Logic = 3)
  Clock Path Skew:      -0.002ns (0.337 - 0.339)
  Source Clock:         clk_BUFGP rising at 0.000ns
  Destination Clock:    clk_BUFGP rising at 20.000ns
  Clock Uncertainty:    0.035ns

  Clock Uncertainty:          0.035ns  ((TSJ^2 + TIJ^2)^1/2 + DJ) / 2 + PE
    Total System Jitter (TSJ):  0.070ns
    Total Input Jitter (TIJ):   0.000ns
    Discrete Jitter (DJ):       0.000ns
    Phase Error (PE):           0.000ns

  Maximum Data Path at Slow Process Corner: gamestates/M_gamestates_q_FSM_FFd5_1 to gamestates/M_high_score_q_15
    Location             Delay type         Delay(ns)  Physical Resource
                                                       Logical Resource(s)
    -------------------------------------------------  -------------------
    SLICE_X7Y22.AQ       Tcko                  0.430   gamestates/M_gamestates_q_FSM_FFd5_2
                                                       gamestates/M_gamestates_q_FSM_FFd5_1
    SLICE_X3Y27.B1       net (fanout=15)       1.645   gamestates/M_gamestates_q_FSM_FFd5_1
    SLICE_X3Y27.B        Tilo                  0.259   gamestates/M_score_q[15]
                                                       gamestates/M_gamestates_q_M_alu_b<13>1
    SLICE_X8Y27.C3       net (fanout=1)        1.477   gamestates/M_alu_b[13]
    SLICE_X8Y27.COUT     Topcyc                0.328   gamestates/Mcompar_a[15]_b[15]_LessThan_2_o_cy[7]
                                                       gamestates/alu/cmp/Mcompar_a[15]_b[15]_LessThan_2_o_lut<6>
                                                       gamestates/alu/cmp/Mcompar_a[15]_b[15]_LessThan_2_o_cy<7>
    SLICE_X2Y28.D2       net (fanout=17)       2.212   gamestates/Mcompar_a[15]_b[15]_LessThan_2_o_cy[7]
    SLICE_X2Y28.CLK      Tas                   0.349   gamestates/M_high_score_q[15]
                                                       gamestates/M_high_score_q_15_rstpot
                                                       gamestates/M_high_score_q_15
    -------------------------------------------------  ---------------------------
    Total                                      6.700ns (1.366ns logic, 5.334ns route)
                                                       (20.4% logic, 79.6% route)

--------------------------------------------------------------------------------
Slack:                  13.289ns (requirement - (data path - clock path skew + uncertainty))
  Source:               gamestates/M_score_q_8 (FF)
  Destination:          gamestates/M_high_score_q_14 (FF)
  Requirement:          20.000ns
  Data Path Delay:      6.667ns (Levels of Logic = 3)
  Clock Path Skew:      -0.009ns (0.337 - 0.346)
  Source Clock:         clk_BUFGP rising at 0.000ns
  Destination Clock:    clk_BUFGP rising at 20.000ns
  Clock Uncertainty:    0.035ns

  Clock Uncertainty:          0.035ns  ((TSJ^2 + TIJ^2)^1/2 + DJ) / 2 + PE
    Total System Jitter (TSJ):  0.070ns
    Total Input Jitter (TIJ):   0.000ns
    Discrete Jitter (DJ):       0.000ns
    Phase Error (PE):           0.000ns

  Maximum Data Path at Slow Process Corner: gamestates/M_score_q_8 to gamestates/M_high_score_q_14
    Location             Delay type         Delay(ns)  Physical Resource
                                                       Logical Resource(s)
    -------------------------------------------------  -------------------
    SLICE_X7Y27.AQ       Tcko                  0.430   gamestates/M_score_q[10]
                                                       gamestates/M_score_q_8
    SLICE_X2Y26.A1       net (fanout=5)        1.364   gamestates/M_score_q[8]
    SLICE_X2Y26.A        Tilo                  0.235   gamestates/N120
                                                       gamestates/M_gamestates_q_M_alu_b<8>1
    SLICE_X8Y27.A2       net (fanout=1)        1.646   gamestates/M_alu_b[8]
    SLICE_X8Y27.COUT     Topcya                0.482   gamestates/Mcompar_a[15]_b[15]_LessThan_2_o_cy[7]
                                                       gamestates/alu/cmp/Mcompar_a[15]_b[15]_LessThan_2_o_lutdi4
                                                       gamestates/alu/cmp/Mcompar_a[15]_b[15]_LessThan_2_o_cy<7>
    SLICE_X2Y28.C2       net (fanout=17)       2.161   gamestates/Mcompar_a[15]_b[15]_LessThan_2_o_cy[7]
    SLICE_X2Y28.CLK      Tas                   0.349   gamestates/M_high_score_q[15]
                                                       gamestates/M_high_score_q_14_rstpot
                                                       gamestates/M_high_score_q_14
    -------------------------------------------------  ---------------------------
    Total                                      6.667ns (1.496ns logic, 5.171ns route)
                                                       (22.4% logic, 77.6% route)

--------------------------------------------------------------------------------
Slack:                  13.291ns (requirement - (data path - clock path skew + uncertainty))
  Source:               gamestates/M_gamestates_q_FSM_FFd5_1 (FF)
  Destination:          gamestates/M_high_score_q_14 (FF)
  Requirement:          20.000ns
  Data Path Delay:      6.672ns (Levels of Logic = 3)
  Clock Path Skew:      -0.002ns (0.337 - 0.339)
  Source Clock:         clk_BUFGP rising at 0.000ns
  Destination Clock:    clk_BUFGP rising at 20.000ns
  Clock Uncertainty:    0.035ns

  Clock Uncertainty:          0.035ns  ((TSJ^2 + TIJ^2)^1/2 + DJ) / 2 + PE
    Total System Jitter (TSJ):  0.070ns
    Total Input Jitter (TIJ):   0.000ns
    Discrete Jitter (DJ):       0.000ns
    Phase Error (PE):           0.000ns

  Maximum Data Path at Slow Process Corner: gamestates/M_gamestates_q_FSM_FFd5_1 to gamestates/M_high_score_q_14
    Location             Delay type         Delay(ns)  Physical Resource
                                                       Logical Resource(s)
    -------------------------------------------------  -------------------
    SLICE_X7Y22.AQ       Tcko                  0.430   gamestates/M_gamestates_q_FSM_FFd5_2
                                                       gamestates/M_gamestates_q_FSM_FFd5_1
    SLICE_X3Y27.B1       net (fanout=15)       1.645   gamestates/M_gamestates_q_FSM_FFd5_1
    SLICE_X3Y27.B        Tilo                  0.259   gamestates/M_score_q[15]
                                                       gamestates/M_gamestates_q_M_alu_b<13>1
    SLICE_X8Y27.C3       net (fanout=1)        1.477   gamestates/M_alu_b[13]
    SLICE_X8Y27.COUT     Topcyc                0.351   gamestates/Mcompar_a[15]_b[15]_LessThan_2_o_cy[7]
                                                       gamestates/alu/cmp/Mcompar_a[15]_b[15]_LessThan_2_o_lutdi6
                                                       gamestates/alu/cmp/Mcompar_a[15]_b[15]_LessThan_2_o_cy<7>
    SLICE_X2Y28.C2       net (fanout=17)       2.161   gamestates/Mcompar_a[15]_b[15]_LessThan_2_o_cy[7]
    SLICE_X2Y28.CLK      Tas                   0.349   gamestates/M_high_score_q[15]
                                                       gamestates/M_high_score_q_14_rstpot
                                                       gamestates/M_high_score_q_14
    -------------------------------------------------  ---------------------------
    Total                                      6.672ns (1.389ns logic, 5.283ns route)
                                                       (20.8% logic, 79.2% route)

--------------------------------------------------------------------------------
Slack:                  13.295ns (requirement - (data path - clock path skew + uncertainty))
  Source:               gamestates/M_gamestates_q_FSM_FFd5_2 (FF)
  Destination:          gamestates/M_high_score_q_15 (FF)
  Requirement:          20.000ns
  Data Path Delay:      6.668ns (Levels of Logic = 3)
  Clock Path Skew:      -0.002ns (0.337 - 0.339)
  Source Clock:         clk_BUFGP rising at 0.000ns
  Destination Clock:    clk_BUFGP rising at 20.000ns
  Clock Uncertainty:    0.035ns

  Clock Uncertainty:          0.035ns  ((TSJ^2 + TIJ^2)^1/2 + DJ) / 2 + PE
    Total System Jitter (TSJ):  0.070ns
    Total Input Jitter (TIJ):   0.000ns
    Discrete Jitter (DJ):       0.000ns
    Phase Error (PE):           0.000ns

  Maximum Data Path at Slow Process Corner: gamestates/M_gamestates_q_FSM_FFd5_2 to gamestates/M_high_score_q_15
    Location             Delay type         Delay(ns)  Physical Resource
                                                       Logical Resource(s)
    -------------------------------------------------  -------------------
    SLICE_X7Y22.BQ       Tcko                  0.430   gamestates/M_gamestates_q_FSM_FFd5_2
                                                       gamestates/M_gamestates_q_FSM_FFd5_2
    SLICE_X2Y26.A5       net (fanout=14)       1.314   gamestates/M_gamestates_q_FSM_FFd5_2
    SLICE_X2Y26.A        Tilo                  0.235   gamestates/N120
                                                       gamestates/M_gamestates_q_M_alu_b<8>1
    SLICE_X8Y27.A2       net (fanout=1)        1.646   gamestates/M_alu_b[8]
    SLICE_X8Y27.COUT     Topcya                0.482   gamestates/Mcompar_a[15]_b[15]_LessThan_2_o_cy[7]
                                                       gamestates/alu/cmp/Mcompar_a[15]_b[15]_LessThan_2_o_lutdi4
                                                       gamestates/alu/cmp/Mcompar_a[15]_b[15]_LessThan_2_o_cy<7>
    SLICE_X2Y28.D2       net (fanout=17)       2.212   gamestates/Mcompar_a[15]_b[15]_LessThan_2_o_cy[7]
    SLICE_X2Y28.CLK      Tas                   0.349   gamestates/M_high_score_q[15]
                                                       gamestates/M_high_score_q_15_rstpot
                                                       gamestates/M_high_score_q_15
    -------------------------------------------------  ---------------------------
    Total                                      6.668ns (1.496ns logic, 5.172ns route)
                                                       (22.4% logic, 77.6% route)

--------------------------------------------------------------------------------
Slack:                  13.296ns (requirement - (data path - clock path skew + uncertainty))
  Source:               gamestates/M_high_score_q_0 (FF)
  Destination:          gamestates/M_high_score_q_14 (FF)
  Requirement:          20.000ns
  Data Path Delay:      6.668ns (Levels of Logic = 4)
  Clock Path Skew:      -0.001ns (0.337 - 0.338)
  Source Clock:         clk_BUFGP rising at 0.000ns
  Destination Clock:    clk_BUFGP rising at 20.000ns
  Clock Uncertainty:    0.035ns

  Clock Uncertainty:          0.035ns  ((TSJ^2 + TIJ^2)^1/2 + DJ) / 2 + PE
    Total System Jitter (TSJ):  0.070ns
    Total Input Jitter (TIJ):   0.000ns
    Discrete Jitter (DJ):       0.000ns
    Phase Error (PE):           0.000ns

  Maximum Data Path at Slow Process Corner: gamestates/M_high_score_q_0 to gamestates/M_high_score_q_14
    Location             Delay type         Delay(ns)  Physical Resource
                                                       Logical Resource(s)
    -------------------------------------------------  -------------------
    SLICE_X10Y28.AMUX    Tshcko                0.535   M_gamestates_row5[95]
                                                       gamestates/M_high_score_q_0
    SLICE_X3Y26.A3       net (fanout=3)        1.581   gamestates/M_high_score_q[0]
    SLICE_X3Y26.A        Tilo                  0.259   gamestates/M_alu_a[0]
                                                       gamestates/M_alu_a<16>1
    SLICE_X8Y26.A1       net (fanout=2)        1.205   gamestates/M_alu_a[0]
    SLICE_X8Y26.COUT     Topcya                0.482   gamestates/alu/cmp/Mcompar_a[15]_b[15]_LessThan_2_o_cy[3]
                                                       gamestates/alu/cmp/Mcompar_a[15]_b[15]_LessThan_2_o_lutdi
                                                       gamestates/alu/cmp/Mcompar_a[15]_b[15]_LessThan_2_o_cy<3>
    SLICE_X8Y27.CIN      net (fanout=1)        0.003   gamestates/alu/cmp/Mcompar_a[15]_b[15]_LessThan_2_o_cy[3]
    SLICE_X8Y27.COUT     Tbyp                  0.093   gamestates/Mcompar_a[15]_b[15]_LessThan_2_o_cy[7]
                                                       gamestates/alu/cmp/Mcompar_a[15]_b[15]_LessThan_2_o_cy<7>
    SLICE_X2Y28.C2       net (fanout=17)       2.161   gamestates/Mcompar_a[15]_b[15]_LessThan_2_o_cy[7]
    SLICE_X2Y28.CLK      Tas                   0.349   gamestates/M_high_score_q[15]
                                                       gamestates/M_high_score_q_14_rstpot
                                                       gamestates/M_high_score_q_14
    -------------------------------------------------  ---------------------------
    Total                                      6.668ns (1.718ns logic, 4.950ns route)
                                                       (25.8% logic, 74.2% route)

--------------------------------------------------------------------------------
Slack:                  13.297ns (requirement - (data path - clock path skew + uncertainty))
  Source:               gamestates/M_score_q_8 (FF)
  Destination:          gamestates/M_high_score_q_14 (FF)
  Requirement:          20.000ns
  Data Path Delay:      6.659ns (Levels of Logic = 3)
  Clock Path Skew:      -0.009ns (0.337 - 0.346)
  Source Clock:         clk_BUFGP rising at 0.000ns
  Destination Clock:    clk_BUFGP rising at 20.000ns
  Clock Uncertainty:    0.035ns

  Clock Uncertainty:          0.035ns  ((TSJ^2 + TIJ^2)^1/2 + DJ) / 2 + PE
    Total System Jitter (TSJ):  0.070ns
    Total Input Jitter (TIJ):   0.000ns
    Discrete Jitter (DJ):       0.000ns
    Phase Error (PE):           0.000ns

  Maximum Data Path at Slow Process Corner: gamestates/M_score_q_8 to gamestates/M_high_score_q_14
    Location             Delay type         Delay(ns)  Physical Resource
                                                       Logical Resource(s)
    -------------------------------------------------  -------------------
    SLICE_X7Y27.AQ       Tcko                  0.430   gamestates/M_score_q[10]
                                                       gamestates/M_score_q_8
    SLICE_X2Y26.A1       net (fanout=5)        1.364   gamestates/M_score_q[8]
    SLICE_X2Y26.A        Tilo                  0.235   gamestates/N120
                                                       gamestates/M_gamestates_q_M_alu_b<8>1
    SLICE_X8Y27.A2       net (fanout=1)        1.646   gamestates/M_alu_b[8]
    SLICE_X8Y27.COUT     Topcya                0.474   gamestates/Mcompar_a[15]_b[15]_LessThan_2_o_cy[7]
                                                       gamestates/alu/cmp/Mcompar_a[15]_b[15]_LessThan_2_o_lut<4>
                                                       gamestates/alu/cmp/Mcompar_a[15]_b[15]_LessThan_2_o_cy<7>
    SLICE_X2Y28.C2       net (fanout=17)       2.161   gamestates/Mcompar_a[15]_b[15]_LessThan_2_o_cy[7]
    SLICE_X2Y28.CLK      Tas                   0.349   gamestates/M_high_score_q[15]
                                                       gamestates/M_high_score_q_14_rstpot
                                                       gamestates/M_high_score_q_14
    -------------------------------------------------  ---------------------------
    Total                                      6.659ns (1.488ns logic, 5.171ns route)
                                                       (22.3% logic, 77.7% route)

--------------------------------------------------------------------------------
Slack:                  13.303ns (requirement - (data path - clock path skew + uncertainty))
  Source:               gamestates/M_gamestates_q_FSM_FFd5_2 (FF)
  Destination:          gamestates/M_high_score_q_15 (FF)
  Requirement:          20.000ns
  Data Path Delay:      6.660ns (Levels of Logic = 3)
  Clock Path Skew:      -0.002ns (0.337 - 0.339)
  Source Clock:         clk_BUFGP rising at 0.000ns
  Destination Clock:    clk_BUFGP rising at 20.000ns
  Clock Uncertainty:    0.035ns

  Clock Uncertainty:          0.035ns  ((TSJ^2 + TIJ^2)^1/2 + DJ) / 2 + PE
    Total System Jitter (TSJ):  0.070ns
    Total Input Jitter (TIJ):   0.000ns
    Discrete Jitter (DJ):       0.000ns
    Phase Error (PE):           0.000ns

  Maximum Data Path at Slow Process Corner: gamestates/M_gamestates_q_FSM_FFd5_2 to gamestates/M_high_score_q_15
    Location             Delay type         Delay(ns)  Physical Resource
                                                       Logical Resource(s)
    -------------------------------------------------  -------------------
    SLICE_X7Y22.BQ       Tcko                  0.430   gamestates/M_gamestates_q_FSM_FFd5_2
                                                       gamestates/M_gamestates_q_FSM_FFd5_2
    SLICE_X2Y26.A5       net (fanout=14)       1.314   gamestates/M_gamestates_q_FSM_FFd5_2
    SLICE_X2Y26.A        Tilo                  0.235   gamestates/N120
                                                       gamestates/M_gamestates_q_M_alu_b<8>1
    SLICE_X8Y27.A2       net (fanout=1)        1.646   gamestates/M_alu_b[8]
    SLICE_X8Y27.COUT     Topcya                0.474   gamestates/Mcompar_a[15]_b[15]_LessThan_2_o_cy[7]
                                                       gamestates/alu/cmp/Mcompar_a[15]_b[15]_LessThan_2_o_lut<4>
                                                       gamestates/alu/cmp/Mcompar_a[15]_b[15]_LessThan_2_o_cy<7>
    SLICE_X2Y28.D2       net (fanout=17)       2.212   gamestates/Mcompar_a[15]_b[15]_LessThan_2_o_cy[7]
    SLICE_X2Y28.CLK      Tas                   0.349   gamestates/M_high_score_q[15]
                                                       gamestates/M_high_score_q_15_rstpot
                                                       gamestates/M_high_score_q_15
    -------------------------------------------------  ---------------------------
    Total                                      6.660ns (1.488ns logic, 5.172ns route)
                                                       (22.3% logic, 77.7% route)

--------------------------------------------------------------------------------
Slack:                  13.304ns (requirement - (data path - clock path skew + uncertainty))
  Source:               gamestates/M_high_score_q_0 (FF)
  Destination:          gamestates/M_high_score_q_14 (FF)
  Requirement:          20.000ns
  Data Path Delay:      6.660ns (Levels of Logic = 4)
  Clock Path Skew:      -0.001ns (0.337 - 0.338)
  Source Clock:         clk_BUFGP rising at 0.000ns
  Destination Clock:    clk_BUFGP rising at 20.000ns
  Clock Uncertainty:    0.035ns

  Clock Uncertainty:          0.035ns  ((TSJ^2 + TIJ^2)^1/2 + DJ) / 2 + PE
    Total System Jitter (TSJ):  0.070ns
    Total Input Jitter (TIJ):   0.000ns
    Discrete Jitter (DJ):       0.000ns
    Phase Error (PE):           0.000ns

  Maximum Data Path at Slow Process Corner: gamestates/M_high_score_q_0 to gamestates/M_high_score_q_14
    Location             Delay type         Delay(ns)  Physical Resource
                                                       Logical Resource(s)
    -------------------------------------------------  -------------------
    SLICE_X10Y28.AMUX    Tshcko                0.535   M_gamestates_row5[95]
                                                       gamestates/M_high_score_q_0
    SLICE_X3Y26.A3       net (fanout=3)        1.581   gamestates/M_high_score_q[0]
    SLICE_X3Y26.A        Tilo                  0.259   gamestates/M_alu_a[0]
                                                       gamestates/M_alu_a<16>1
    SLICE_X8Y26.A1       net (fanout=2)        1.205   gamestates/M_alu_a[0]
    SLICE_X8Y26.COUT     Topcya                0.474   gamestates/alu/cmp/Mcompar_a[15]_b[15]_LessThan_2_o_cy[3]
                                                       gamestates/alu/cmp/Mcompar_a[15]_b[15]_LessThan_2_o_lut<0>
                                                       gamestates/alu/cmp/Mcompar_a[15]_b[15]_LessThan_2_o_cy<3>
    SLICE_X8Y27.CIN      net (fanout=1)        0.003   gamestates/alu/cmp/Mcompar_a[15]_b[15]_LessThan_2_o_cy[3]
    SLICE_X8Y27.COUT     Tbyp                  0.093   gamestates/Mcompar_a[15]_b[15]_LessThan_2_o_cy[7]
                                                       gamestates/alu/cmp/Mcompar_a[15]_b[15]_LessThan_2_o_cy<7>
    SLICE_X2Y28.C2       net (fanout=17)       2.161   gamestates/Mcompar_a[15]_b[15]_LessThan_2_o_cy[7]
    SLICE_X2Y28.CLK      Tas                   0.349   gamestates/M_high_score_q[15]
                                                       gamestates/M_high_score_q_14_rstpot
                                                       gamestates/M_high_score_q_14
    -------------------------------------------------  ---------------------------
    Total                                      6.660ns (1.710ns logic, 4.950ns route)
                                                       (25.7% logic, 74.3% route)

--------------------------------------------------------------------------------
Slack:                  13.314ns (requirement - (data path - clock path skew + uncertainty))
  Source:               gamestates/M_gamestates_q_FSM_FFd5_1 (FF)
  Destination:          gamestates/M_high_score_q_14 (FF)
  Requirement:          20.000ns
  Data Path Delay:      6.649ns (Levels of Logic = 3)
  Clock Path Skew:      -0.002ns (0.337 - 0.339)
  Source Clock:         clk_BUFGP rising at 0.000ns
  Destination Clock:    clk_BUFGP rising at 20.000ns
  Clock Uncertainty:    0.035ns

  Clock Uncertainty:          0.035ns  ((TSJ^2 + TIJ^2)^1/2 + DJ) / 2 + PE
    Total System Jitter (TSJ):  0.070ns
    Total Input Jitter (TIJ):   0.000ns
    Discrete Jitter (DJ):       0.000ns
    Phase Error (PE):           0.000ns

  Maximum Data Path at Slow Process Corner: gamestates/M_gamestates_q_FSM_FFd5_1 to gamestates/M_high_score_q_14
    Location             Delay type         Delay(ns)  Physical Resource
                                                       Logical Resource(s)
    -------------------------------------------------  -------------------
    SLICE_X7Y22.AQ       Tcko                  0.430   gamestates/M_gamestates_q_FSM_FFd5_2
                                                       gamestates/M_gamestates_q_FSM_FFd5_1
    SLICE_X3Y27.B1       net (fanout=15)       1.645   gamestates/M_gamestates_q_FSM_FFd5_1
    SLICE_X3Y27.B        Tilo                  0.259   gamestates/M_score_q[15]
                                                       gamestates/M_gamestates_q_M_alu_b<13>1
    SLICE_X8Y27.C3       net (fanout=1)        1.477   gamestates/M_alu_b[13]
    SLICE_X8Y27.COUT     Topcyc                0.328   gamestates/Mcompar_a[15]_b[15]_LessThan_2_o_cy[7]
                                                       gamestates/alu/cmp/Mcompar_a[15]_b[15]_LessThan_2_o_lut<6>
                                                       gamestates/alu/cmp/Mcompar_a[15]_b[15]_LessThan_2_o_cy<7>
    SLICE_X2Y28.C2       net (fanout=17)       2.161   gamestates/Mcompar_a[15]_b[15]_LessThan_2_o_cy[7]
    SLICE_X2Y28.CLK      Tas                   0.349   gamestates/M_high_score_q[15]
                                                       gamestates/M_high_score_q_14_rstpot
                                                       gamestates/M_high_score_q_14
    -------------------------------------------------  ---------------------------
    Total                                      6.649ns (1.366ns logic, 5.283ns route)
                                                       (20.5% logic, 79.5% route)

--------------------------------------------------------------------------------
Slack:                  13.346ns (requirement - (data path - clock path skew + uncertainty))
  Source:               gamestates/M_gamestates_q_FSM_FFd5_2 (FF)
  Destination:          gamestates/M_high_score_q_14 (FF)
  Requirement:          20.000ns
  Data Path Delay:      6.617ns (Levels of Logic = 3)
  Clock Path Skew:      -0.002ns (0.337 - 0.339)
  Source Clock:         clk_BUFGP rising at 0.000ns
  Destination Clock:    clk_BUFGP rising at 20.000ns
  Clock Uncertainty:    0.035ns

  Clock Uncertainty:          0.035ns  ((TSJ^2 + TIJ^2)^1/2 + DJ) / 2 + PE
    Total System Jitter (TSJ):  0.070ns
    Total Input Jitter (TIJ):   0.000ns
    Discrete Jitter (DJ):       0.000ns
    Phase Error (PE):           0.000ns

  Maximum Data Path at Slow Process Corner: gamestates/M_gamestates_q_FSM_FFd5_2 to gamestates/M_high_score_q_14
    Location             Delay type         Delay(ns)  Physical Resource
                                                       Logical Resource(s)
    -------------------------------------------------  -------------------
    SLICE_X7Y22.BQ       Tcko                  0.430   gamestates/M_gamestates_q_FSM_FFd5_2
                                                       gamestates/M_gamestates_q_FSM_FFd5_2
    SLICE_X2Y26.A5       net (fanout=14)       1.314   gamestates/M_gamestates_q_FSM_FFd5_2
    SLICE_X2Y26.A        Tilo                  0.235   gamestates/N120
                                                       gamestates/M_gamestates_q_M_alu_b<8>1
    SLICE_X8Y27.A2       net (fanout=1)        1.646   gamestates/M_alu_b[8]
    SLICE_X8Y27.COUT     Topcya                0.482   gamestates/Mcompar_a[15]_b[15]_LessThan_2_o_cy[7]
                                                       gamestates/alu/cmp/Mcompar_a[15]_b[15]_LessThan_2_o_lutdi4
                                                       gamestates/alu/cmp/Mcompar_a[15]_b[15]_LessThan_2_o_cy<7>
    SLICE_X2Y28.C2       net (fanout=17)       2.161   gamestates/Mcompar_a[15]_b[15]_LessThan_2_o_cy[7]
    SLICE_X2Y28.CLK      Tas                   0.349   gamestates/M_high_score_q[15]
                                                       gamestates/M_high_score_q_14_rstpot
                                                       gamestates/M_high_score_q_14
    -------------------------------------------------  ---------------------------
    Total                                      6.617ns (1.496ns logic, 5.121ns route)
                                                       (22.6% logic, 77.4% route)

--------------------------------------------------------------------------------

Component Switching Limit Checks: TS_clk = PERIOD TIMEGRP "clk" 50 MHz HIGH 50%;
--------------------------------------------------------------------------------
Slack: 17.334ns (period - min period limit)
  Period: 20.000ns
  Min period limit: 2.666ns (375.094MHz) (Tbcper_I)
  Physical resource: clk_BUFGP/BUFG/I0
  Logical resource: clk_BUFGP/BUFG/I0
  Location pin: BUFGMUX_X2Y11.I0
  Clock network: clk_BUFGP/IBUFG
--------------------------------------------------------------------------------
Slack: 18.601ns (period - min period limit)
  Period: 20.000ns
  Min period limit: 1.399ns (714.796MHz) (Tcp)
  Physical resource: player2right_cond/M_sync_out/CLK
  Logical resource: bigbtn_cond/sync/Mshreg_M_pipe_q_1/CLK
  Location pin: SLICE_X8Y36.CLK
  Clock network: clk_BUFGP
--------------------------------------------------------------------------------
Slack: 18.601ns (period - min period limit)
  Period: 20.000ns
  Min period limit: 1.399ns (714.796MHz) (Tcp)
  Physical resource: player2right_cond/M_sync_out/CLK
  Logical resource: player2left_cond/sync/Mshreg_M_pipe_q_1/CLK
  Location pin: SLICE_X8Y36.CLK
  Clock network: clk_BUFGP
--------------------------------------------------------------------------------
Slack: 18.601ns (period - min period limit)
  Period: 20.000ns
  Min period limit: 1.399ns (714.796MHz) (Tcp)
  Physical resource: player2right_cond/M_sync_out/CLK
  Logical resource: player1left_cond/sync/Mshreg_M_pipe_q_1/CLK
  Location pin: SLICE_X8Y36.CLK
  Clock network: clk_BUFGP
--------------------------------------------------------------------------------
Slack: 18.601ns (period - min period limit)
  Period: 20.000ns
  Min period limit: 1.399ns (714.796MHz) (Tcp)
  Physical resource: player2right_cond/M_sync_out/CLK
  Logical resource: player1right_cond/sync/Mshreg_M_pipe_q_1/CLK
  Location pin: SLICE_X8Y36.CLK
  Clock network: clk_BUFGP
--------------------------------------------------------------------------------
Slack: 18.601ns (period - min period limit)
  Period: 20.000ns
  Min period limit: 1.399ns (714.796MHz) (Tcp)
  Physical resource: player2right_cond/M_sync_out/CLK
  Logical resource: player2right_cond/sync/Mshreg_M_pipe_q_1/CLK
  Location pin: SLICE_X8Y36.CLK
  Clock network: clk_BUFGP
--------------------------------------------------------------------------------
Slack: 19.520ns (period - min period limit)
  Period: 20.000ns
  Min period limit: 0.480ns (2083.333MHz) (Tcp)
  Physical resource: M_score_q_0/CLK
  Logical resource: gamestates/M_score_q_0/CK
  Location pin: SLICE_X8Y28.CLK
  Clock network: clk_BUFGP
--------------------------------------------------------------------------------
Slack: 19.520ns (period - min period limit)
  Period: 20.000ns
  Min period limit: 0.480ns (2083.333MHz) (Tcp)
  Physical resource: player2left_cond/M_ctr_q[3]/CLK
  Logical resource: player2left_cond/M_ctr_q_0/CK
  Location pin: SLICE_X0Y34.CLK
  Clock network: clk_BUFGP
--------------------------------------------------------------------------------
Slack: 19.520ns (period - min period limit)
  Period: 20.000ns
  Min period limit: 0.480ns (2083.333MHz) (Tcp)
  Physical resource: player2left_cond/M_ctr_q[3]/CLK
  Logical resource: player2left_cond/M_ctr_q_1/CK
  Location pin: SLICE_X0Y34.CLK
  Clock network: clk_BUFGP
--------------------------------------------------------------------------------
Slack: 19.520ns (period - min period limit)
  Period: 20.000ns
  Min period limit: 0.480ns (2083.333MHz) (Tcp)
  Physical resource: player2left_cond/M_ctr_q[3]/CLK
  Logical resource: player2left_cond/M_ctr_q_2/CK
  Location pin: SLICE_X0Y34.CLK
  Clock network: clk_BUFGP
--------------------------------------------------------------------------------
Slack: 19.520ns (period - min period limit)
  Period: 20.000ns
  Min period limit: 0.480ns (2083.333MHz) (Tcp)
  Physical resource: player2left_cond/M_ctr_q[3]/CLK
  Logical resource: player2left_cond/M_ctr_q_3/CK
  Location pin: SLICE_X0Y34.CLK
  Clock network: clk_BUFGP
--------------------------------------------------------------------------------
Slack: 19.520ns (period - min period limit)
  Period: 20.000ns
  Min period limit: 0.480ns (2083.333MHz) (Tcp)
  Physical resource: player2left_cond/M_ctr_q[7]/CLK
  Logical resource: player2left_cond/M_ctr_q_4/CK
  Location pin: SLICE_X0Y35.CLK
  Clock network: clk_BUFGP
--------------------------------------------------------------------------------
Slack: 19.520ns (period - min period limit)
  Period: 20.000ns
  Min period limit: 0.480ns (2083.333MHz) (Tcp)
  Physical resource: player2left_cond/M_ctr_q[7]/CLK
  Logical resource: player2left_cond/M_ctr_q_5/CK
  Location pin: SLICE_X0Y35.CLK
  Clock network: clk_BUFGP
--------------------------------------------------------------------------------
Slack: 19.520ns (period - min period limit)
  Period: 20.000ns
  Min period limit: 0.480ns (2083.333MHz) (Tcp)
  Physical resource: player2left_cond/M_ctr_q[7]/CLK
  Logical resource: player2left_cond/M_ctr_q_6/CK
  Location pin: SLICE_X0Y35.CLK
  Clock network: clk_BUFGP
--------------------------------------------------------------------------------
Slack: 19.520ns (period - min period limit)
  Period: 20.000ns
  Min period limit: 0.480ns (2083.333MHz) (Tcp)
  Physical resource: player2left_cond/M_ctr_q[7]/CLK
  Logical resource: player2left_cond/M_ctr_q_7/CK
  Location pin: SLICE_X0Y35.CLK
  Clock network: clk_BUFGP
--------------------------------------------------------------------------------
Slack: 19.520ns (period - min period limit)
  Period: 20.000ns
  Min period limit: 0.480ns (2083.333MHz) (Tcp)
  Physical resource: player2left_cond/M_ctr_q[11]/CLK
  Logical resource: player2left_cond/M_ctr_q_8/CK
  Location pin: SLICE_X0Y36.CLK
  Clock network: clk_BUFGP
--------------------------------------------------------------------------------
Slack: 19.520ns (period - min period limit)
  Period: 20.000ns
  Min period limit: 0.480ns (2083.333MHz) (Tcp)
  Physical resource: player2left_cond/M_ctr_q[11]/CLK
  Logical resource: player2left_cond/M_ctr_q_9/CK
  Location pin: SLICE_X0Y36.CLK
  Clock network: clk_BUFGP
--------------------------------------------------------------------------------
Slack: 19.520ns (period - min period limit)
  Period: 20.000ns
  Min period limit: 0.480ns (2083.333MHz) (Tcp)
  Physical resource: player2left_cond/M_ctr_q[11]/CLK
  Logical resource: player2left_cond/M_ctr_q_10/CK
  Location pin: SLICE_X0Y36.CLK
  Clock network: clk_BUFGP
--------------------------------------------------------------------------------
Slack: 19.520ns (period - min period limit)
  Period: 20.000ns
  Min period limit: 0.480ns (2083.333MHz) (Tcp)
  Physical resource: player2left_cond/M_ctr_q[11]/CLK
  Logical resource: player2left_cond/M_ctr_q_11/CK
  Location pin: SLICE_X0Y36.CLK
  Clock network: clk_BUFGP
--------------------------------------------------------------------------------
Slack: 19.520ns (period - min period limit)
  Period: 20.000ns
  Min period limit: 0.480ns (2083.333MHz) (Tcp)
  Physical resource: player2left_cond/M_ctr_q[15]/CLK
  Logical resource: player2left_cond/M_ctr_q_12/CK
  Location pin: SLICE_X0Y37.CLK
  Clock network: clk_BUFGP
--------------------------------------------------------------------------------
Slack: 19.520ns (period - min period limit)
  Period: 20.000ns
  Min period limit: 0.480ns (2083.333MHz) (Tcp)
  Physical resource: player2left_cond/M_ctr_q[15]/CLK
  Logical resource: player2left_cond/M_ctr_q_13/CK
  Location pin: SLICE_X0Y37.CLK
  Clock network: clk_BUFGP
--------------------------------------------------------------------------------
Slack: 19.520ns (period - min period limit)
  Period: 20.000ns
  Min period limit: 0.480ns (2083.333MHz) (Tcp)
  Physical resource: player2left_cond/M_ctr_q[15]/CLK
  Logical resource: player2left_cond/M_ctr_q_14/CK
  Location pin: SLICE_X0Y37.CLK
  Clock network: clk_BUFGP
--------------------------------------------------------------------------------
Slack: 19.520ns (period - min period limit)
  Period: 20.000ns
  Min period limit: 0.480ns (2083.333MHz) (Tcp)
  Physical resource: player2left_cond/M_ctr_q[15]/CLK
  Logical resource: player2left_cond/M_ctr_q_15/CK
  Location pin: SLICE_X0Y37.CLK
  Clock network: clk_BUFGP
--------------------------------------------------------------------------------
Slack: 19.520ns (period - min period limit)
  Period: 20.000ns
  Min period limit: 0.480ns (2083.333MHz) (Tcp)
  Physical resource: player2left_cond/M_ctr_q[19]/CLK
  Logical resource: player2left_cond/M_ctr_q_16/CK
  Location pin: SLICE_X0Y38.CLK
  Clock network: clk_BUFGP
--------------------------------------------------------------------------------
Slack: 19.520ns (period - min period limit)
  Period: 20.000ns
  Min period limit: 0.480ns (2083.333MHz) (Tcp)
  Physical resource: player2left_cond/M_ctr_q[19]/CLK
  Logical resource: player2left_cond/M_ctr_q_17/CK
  Location pin: SLICE_X0Y38.CLK
  Clock network: clk_BUFGP
--------------------------------------------------------------------------------
Slack: 19.520ns (period - min period limit)
  Period: 20.000ns
  Min period limit: 0.480ns (2083.333MHz) (Tcp)
  Physical resource: player2left_cond/M_ctr_q[19]/CLK
  Logical resource: player2left_cond/M_ctr_q_18/CK
  Location pin: SLICE_X0Y38.CLK
  Clock network: clk_BUFGP
--------------------------------------------------------------------------------
Slack: 19.520ns (period - min period limit)
  Period: 20.000ns
  Min period limit: 0.480ns (2083.333MHz) (Tcp)
  Physical resource: player2left_cond/M_ctr_q[19]/CLK
  Logical resource: player2left_cond/M_ctr_q_19/CK
  Location pin: SLICE_X0Y38.CLK
  Clock network: clk_BUFGP
--------------------------------------------------------------------------------
Slack: 19.520ns (period - min period limit)
  Period: 20.000ns
  Min period limit: 0.480ns (2083.333MHz) (Tcp)
  Physical resource: player1left_cond/M_ctr_q[3]/CLK
  Logical resource: player1left_cond/M_ctr_q_0/CK
  Location pin: SLICE_X4Y36.CLK
  Clock network: clk_BUFGP
--------------------------------------------------------------------------------
Slack: 19.520ns (period - min period limit)
  Period: 20.000ns
  Min period limit: 0.480ns (2083.333MHz) (Tcp)
  Physical resource: player1left_cond/M_ctr_q[3]/CLK
  Logical resource: player1left_cond/M_ctr_q_1/CK
  Location pin: SLICE_X4Y36.CLK
  Clock network: clk_BUFGP
--------------------------------------------------------------------------------
Slack: 19.520ns (period - min period limit)
  Period: 20.000ns
  Min period limit: 0.480ns (2083.333MHz) (Tcp)
  Physical resource: player1left_cond/M_ctr_q[3]/CLK
  Logical resource: player1left_cond/M_ctr_q_2/CK
  Location pin: SLICE_X4Y36.CLK
  Clock network: clk_BUFGP
--------------------------------------------------------------------------------


All constraints were met.


Data Sheet report:
-----------------
All values displayed in nanoseconds (ns)

Clock to Setup on destination clock clk
---------------+---------+---------+---------+---------+
               | Src:Rise| Src:Fall| Src:Rise| Src:Fall|
Source Clock   |Dest:Rise|Dest:Rise|Dest:Fall|Dest:Fall|
---------------+---------+---------+---------+---------+
clk            |    7.024|         |         |         |
---------------+---------+---------+---------+---------+


Timing summary:
---------------

Timing errors: 0  Score: 0  (Setup/Max: 0, Hold: 0)

Constraints cover 15639 paths, 0 nets, and 1971 connections

Design statistics:
   Minimum period:   7.024ns{1}   (Maximum frequency: 142.369MHz)


------------------------------------Footnotes-----------------------------------
1)  The minimum period statistic assumes all single cycle delays.

Analysis completed Thu Dec 05 22:21:30 2019 
--------------------------------------------------------------------------------

Trace Settings:
-------------------------
Trace Settings 

Peak Memory Usage: 4559 MB



